A 1 1 1 1 1 1 1 2 2 2 2 2 3 3 4 4 5 5 6 6 7 8 9 10 11 12 13 14 15 16 17 18 19 20 21 21 22 22 22 22 22 21 21 20 20 19 18 17 17 16 15 14 13 13 12 11 11 10 10 9 9 8 8 8 7 7 7 7 6 6 6 6 6 6 5 5 5 5 5 5 5 5 5 5 5 5 5 5 5 5 5 5 5 5 6 6 6 6 6 6
B 1 1 1 1 1 1 1 2 2 2 2 2 3 3 4 4 5 5 6 6 7 8 9 10 11 12 13 14 15 16 17 18 19 20 21 21 22 22 22 22 22 21 21 20 20 19 18 17 17 16 15 14 13 13 12 11 11 10 10 9 9 8 8 8 7 7 7 7 6 6 6 6 6 6 5 5 5 5 5 5 5 5 5 5 5 5 5 5 5 5 5 5 5 5 6 6 6 6 6 6
C 0 1 2 2 2 2 3 3 3 4 4 5 5 6 7 8 8 9 10 11 12 13 15 16 17 18 19 20 20 21 22 22 22 22 22 22 21 21 20 19 19 18 17 16 15 14 14 13 12 12 11 10 10 9 9 8 8 8 7 7 7 7 6 6 6 6 6 6 5 5 5 5 5 5 5 5 5 5 5 5 5 5 5 5 5 5 5 5 6 6 6 6 6 6 6 6 6 7 7 7
