A 24 20 18 15 14 12 10 9 8 7 6 5 4 4 3 3 3 2 2 2 1 1 1 1 1 1 1 1 0 0
B 24 20 18 15 13 12 10 9 8 7 6 5 4 4 3 3 3 2 2 2 1 1 1 1 1 1 1 1 0 0
C 14 12 10 9 8 7 6 5 5 4 4 3 3 2 2 2 2 1 1 1 1 1 1 1 1 1 0 0 0 0
