A 229 239 259 275 289 300 306 309 306 300 288 274 256 236 215 194 173 153 134 117 101 87 75 64 54 46 39 33 28 24
B 229 239 259 275 289 300 306 309 306 300 288 274 256 236 215 194 173 153 134 117 101 87 75 64 54 46 39 33 28 24
C 273 270 276 276 273 267 257 244 229 213 195 177 159 142 126 111 97 84 73 63 55 47 40 34 29 25 21 18 16 13
