A 13 8 10 11 13 15 17 19 21 24 28 31 35 40 45 50 56 63 71 79 87 97 107 118 129 141 152 164 176 187
B 13 8 10 11 13 15 17 19 22 24 28 31 35 40 45 50 56 63 71 79 87 97 107 118 129 141 152 164 176 188
C 0 13 27 22 27 30 34 38 43 48 54 61 69 77 85 95 105 116 127 139 151 164 176 188 199 209 218 226 231 235
