A 14 9 12 14 16 19 22 26 30 35
B 0 0 4 2 3 3 0 0 0 0
C 0 13 27 22 27 30 34 38 43 48
